// Jest Snapshot v1, https://goo.gl/fbAQLP

exports[`Footer component should render correctly 1`] = `
<h4
  className="notFound"
>
  Page not found :(
</h4>
`;
